// Jest Snapshot v1, https://goo.gl/fbAQLP

exports[`Filter Renders correctly 1`] = `
<El>
  <Provider
    store={
      Object {
        "dispatch": [Function],
        "getState": [Function],
        "replaceReducer": [Function],
        "subscribe": [Function],
        Symbol(observable): [Function],
      }
    }
  >
    <Connect(Filter)>
      <Filter
        handleChange={[Function]}
        handleSearcChange={[Function]}
        tags={
          Array [
            "marketing-automation",
            "ad-network",
            "analytics",
            "backend",
            "game-engine",
            "development-tool",
            "social",
            "commerce",
          ]
        }
        visibilityFilter={
          Object {
            "aditional": "",
            "search": "",
            "type": "All",
          }
        }
      >
        <aside
          className="filters"
        >
          <Radio
            checked={false}
            handleRadioChange={[Function]}
            value="Input"
          >
            <div
              className="md-radio"
              onClick={[Function]}
            >
              <input
                checked={false}
                className=""
                name="Input"
                onChange={[Function]}
                type="radio"
                value="Input"
              />
              <label>
                <div
                  className="InputWrap"
                >
                  <Input
                    onChange={[Function]}
                    placeholder="search"
                    value=""
                  >
                    <div
                      className="form-input"
                    >
                      <label>
                        <input
                          name="search"
                          onChange={[Function]}
                          value=""
                        />
                        <span
                          className="placeholder"
                        >
                          search
                        </span>
                      </label>
                    </div>
                  </Input>
                </div>
              </label>
            </div>
          </Radio>
          <Radio
            checked={true}
            handleRadioChange={[Function]}
            value="All"
          >
            <div
              className="md-radio"
              onClick={[Function]}
            >
              <input
                checked={true}
                className="checked"
                name="All"
                onChange={[Function]}
                type="radio"
                value="All"
              />
              <label>
                All
              </label>
            </div>
          </Radio>
          <Radio
            checked={false}
            handleRadioChange={[Function]}
            key="0"
            value="marketing-automation"
          >
            <div
              className="md-radio"
              onClick={[Function]}
            >
              <input
                checked={false}
                className=""
                name="marketing-automation"
                onChange={[Function]}
                type="radio"
                value="marketing-automation"
              />
              <label>
                marketing-automation
              </label>
            </div>
          </Radio>
          <Radio
            checked={false}
            handleRadioChange={[Function]}
            key="1"
            value="ad-network"
          >
            <div
              className="md-radio"
              onClick={[Function]}
            >
              <input
                checked={false}
                className=""
                name="ad-network"
                onChange={[Function]}
                type="radio"
                value="ad-network"
              />
              <label>
                ad-network
              </label>
            </div>
          </Radio>
          <Radio
            checked={false}
            handleRadioChange={[Function]}
            key="2"
            value="analytics"
          >
            <div
              className="md-radio"
              onClick={[Function]}
            >
              <input
                checked={false}
                className=""
                name="analytics"
                onChange={[Function]}
                type="radio"
                value="analytics"
              />
              <label>
                analytics
              </label>
            </div>
          </Radio>
          <Radio
            checked={false}
            handleRadioChange={[Function]}
            key="3"
            value="backend"
          >
            <div
              className="md-radio"
              onClick={[Function]}
            >
              <input
                checked={false}
                className=""
                name="backend"
                onChange={[Function]}
                type="radio"
                value="backend"
              />
              <label>
                backend
              </label>
            </div>
          </Radio>
          <Radio
            checked={false}
            handleRadioChange={[Function]}
            key="4"
            value="game-engine"
          >
            <div
              className="md-radio"
              onClick={[Function]}
            >
              <input
                checked={false}
                className=""
                name="game-engine"
                onChange={[Function]}
                type="radio"
                value="game-engine"
              />
              <label>
                game-engine
              </label>
            </div>
          </Radio>
          <Radio
            checked={false}
            handleRadioChange={[Function]}
            key="5"
            value="development-tool"
          >
            <div
              className="md-radio"
              onClick={[Function]}
            >
              <input
                checked={false}
                className=""
                name="development-tool"
                onChange={[Function]}
                type="radio"
                value="development-tool"
              />
              <label>
                development-tool
              </label>
            </div>
          </Radio>
          <Radio
            checked={false}
            handleRadioChange={[Function]}
            key="6"
            value="social"
          >
            <div
              className="md-radio"
              onClick={[Function]}
            >
              <input
                checked={false}
                className=""
                name="social"
                onChange={[Function]}
                type="radio"
                value="social"
              />
              <label>
                social
              </label>
            </div>
          </Radio>
          <Radio
            checked={false}
            handleRadioChange={[Function]}
            key="7"
            value="commerce"
          >
            <div
              className="md-radio"
              onClick={[Function]}
            >
              <input
                checked={false}
                className=""
                name="commerce"
                onChange={[Function]}
                type="radio"
                value="commerce"
              />
              <label>
                commerce
              </label>
            </div>
          </Radio>
        </aside>
      </Filter>
    </Connect(Filter)>
  </Provider>
</El>
`;
